---
source: src/backends/render.rs
expression: output
---
test1
1 2#_#_#_#_
   _#_#_#_#
   #_#_#_#_
   _#_#_#_#
test3

