---
source: tests/rusty.rs
expression: result
---
[1;31merror[0m[1;31m[E0412][0m: cannot find type `Lab` in this scope
   â•­â”€[test.rs:10:29]
   â”‚ 
   â”‚     view: Option<SourceView<Lab>>,
   â”‚ 
   â”‚ => not found in this scope 218..221
â”€â”€â”€â•¯ 
[1;34mhelp[0m: you might be missing a type parameter
   â•­â”€[test.rs:10:29]
   â”‚ 
   â”‚     view: Option<SourceView<Lab>>,
   â”‚ 
   â”‚ => <empty label> 218..221
â”€â”€â”€â•¯ 
[1;31merror[0m[1;31m[E0425][0m: cannot find value `labels` in this scope
   â•­â”€[test.rs:65:24]
   â”‚ 
   â”‚     labels: Vec<Label<Level>>,
   â”‚ }
   â”‚ 
   â”‚ impl<Level> SourceView<Level> {
   â”‚     pub fn new(source: &'static str) -> Self {
   â”‚         Self { source, labels }
   â”‚ 
   â”‚ => a field by that name exists in `Self` 1386..1411
   â”‚ => <empty label> 1518..1524
â”€â”€â”€â•¯ 

